Command line:
   full_adder_tb_isim_beh.exe
     -simmode  gui
     -simrunnum  0
     -socket  56555

Fri Oct  2 09:18:24 2026


 Elaboration Time: 0.15 sec

 Current Memory Usage: 215.4 Meg

 Total Signals          : 87
 Total Nets             : 18
 Total Signal Drivers   : 18
 Total Blocks           : 25
 Total Primitive Blocks : 16
 Total Processes        : 16
 Total Traceable Variables  : 8
 Total Scalar Nets and Variables : 378
Total Line Count : 33

 Total Simulation Time: 0.16 sec

 Current Memory Usage: 292.999 Meg

Fri Oct  2 09:19:07 2026

