Command line:
   not_gate_tb_isim_beh.exe
     -simmode  gui
     -simrunnum  0
     -socket  59650

Fri Oct  2 08:36:06 2026


 Elaboration Time: 0.1 sec

 Current Memory Usage: 215.261 Meg

 Total Signals          : 4
 Total Nets             : 2
 Total Signal Drivers   : 2
 Total Blocks           : 3
 Total Primitive Blocks : 2
 Total Processes        : 2
 Total Traceable Variables  : 8
 Total Scalar Nets and Variables : 362
Total Line Count : 7

 Total Simulation Time: 0.11 sec

 Current Memory Usage: 292.86 Meg

Fri Oct  2 08:37:01 2026

