Command line:
   and_gate_tb_isim_beh.exe
     -simmode  gui
     -simrunnum  0
     -socket  55146

Fri Oct  2 08:42:31 2026


 Elaboration Time: 0.11 sec

 Current Memory Usage: 215.261 Meg

 Total Signals          : 12
 Total Nets             : 4
 Total Signal Drivers   : 4
 Total Blocks           : 5
 Total Primitive Blocks : 3
 Total Processes        : 3
 Total Traceable Variables  : 8
 Total Scalar Nets and Variables : 364
Total Line Count : 12

 Total Simulation Time: 0.13 sec

 Current Memory Usage: 292.86 Meg

Fri Oct  2 08:43:13 2026

