Command line:
   nand_gate_tb_isim_beh.exe
     -simmode  gui
     -simrunnum  0
     -socket  33204

Fri Oct  2 08:27:07 2026


 Elaboration Time: 0.19 sec

 Current Memory Usage: 215.261 Meg

 Total Signals          : 6
 Total Nets             : 3
 Total Signal Drivers   : 3
 Total Blocks           : 3
 Total Primitive Blocks : 2
 Total Processes        : 2
 Total Traceable Variables  : 8
 Total Scalar Nets and Variables : 363
Total Line Count : 11

 Total Simulation Time: 0.21 sec

 Current Memory Usage: 292.86 Meg

Fri Oct  2 08:28:52 2026

