Command line:
   or_gate_tb_isim_beh.exe
     -simmode  gui
     -simrunnum  0
     -socket  43790

Fri Oct  2 08:56:53 2026


 Elaboration Time: 0.11 sec

 Current Memory Usage: 215.261 Meg

 Total Signals          : 15
 Total Nets             : 5
 Total Signal Drivers   : 5
 Total Blocks           : 6
 Total Primitive Blocks : 4
 Total Processes        : 4
 Total Traceable Variables  : 8
 Total Scalar Nets and Variables : 365
Total Line Count : 13

 Total Simulation Time: 0.13 sec

 Current Memory Usage: 292.86 Meg

Fri Oct  2 08:57:56 2026

