Command line:
   half_adder_tb_isim_beh.exe
     -simmode  gui
     -simrunnum  0
     -socket  49802

Fri Oct  2 09:11:11 2026


 Elaboration Time: 0.12 sec

 Current Memory Usage: 215.265 Meg

 Total Signals          : 35
 Total Nets             : 8
 Total Signal Drivers   : 8
 Total Blocks           : 11
 Total Primitive Blocks : 7
 Total Processes        : 7
 Total Traceable Variables  : 8
 Total Scalar Nets and Variables : 368
Total Line Count : 16

 Total Simulation Time: 0.14 sec

 Current Memory Usage: 292.864 Meg

Fri Oct  2 09:11:59 2026

